// Jest Snapshot v1, https://goo.gl/fbAQLP

exports[`<Progress /> renders correctly 1`] = `
<div
  className="MuiBox-root css-1gigelk"
>
  <div
    aria-label="100/1,000 (10.0%)"
    aria-labelledby={null}
    className="w-full MuiBox-root css-0"
    data-mui-internal-clone-element={true}
    onBlur={[Function]}
    onFocus={[Function]}
    onMouseLeave={[Function]}
    onMouseOver={[Function]}
    onTouchEnd={[Function]}
    onTouchStart={[Function]}
  >
    <span
      aria-valuemax={100}
      aria-valuemin={0}
      aria-valuenow={10}
      className="MuiLinearProgress-root MuiLinearProgress-colorError MuiLinearProgress-determinate css-1qzfjjf-MuiLinearProgress-root"
      role="progressbar"
    >
      <span
        className="MuiLinearProgress-bar MuiLinearProgress-barColorError MuiLinearProgress-bar1Determinate css-ete1bz-MuiLinearProgress-bar1"
        style={
          {
            "transform": "translateX(-90%)",
          }
        }
      />
    </span>
  </div>
</div>
`;
