// Jest Snapshot v1, https://goo.gl/fbAQLP

exports[`<TabPanel.Notes /> renders correctly 1`] = `
<ul
  className="MuiList-root css-zd7zie-MuiList-root"
/>
`;
