// Jest Snapshot v1, https://goo.gl/fbAQLP

exports[`<TabList /> renders correctly 1`] = `
<div
  className="MuiTabs-root css-1ujnqem-MuiTabs-root"
>
  <div
    className="MuiTabs-scroller MuiTabs-fixed css-jpln7h-MuiTabs-scroller"
    onScroll={[Function]}
    style={
      {
        "marginBottom": -0,
        "overflow": "hidden",
      }
    }
  >
    <div
      aria-label=""
      aria-orientation={null}
      className="MuiTabs-flexContainer css-heg063-MuiTabs-flexContainer"
      onKeyDown={[Function]}
      role="tablist"
    >
      <button
        aria-controls={null}
        aria-selected={true}
        className="MuiButtonBase-root MuiTab-root MuiTab-textColorPrimary Mui-selected css-1h9z7r5-MuiButtonBase-root-MuiTab-root"
        disabled={false}
        id={null}
        onBlur={[Function]}
        onClick={[Function]}
        onContextMenu={[Function]}
        onDragLeave={[Function]}
        onFocus={[Function]}
        onKeyDown={[Function]}
        onKeyUp={[Function]}
        onMouseDown={[Function]}
        onMouseLeave={[Function]}
        onMouseUp={[Function]}
        onTouchEnd={[Function]}
        onTouchMove={[Function]}
        onTouchStart={[Function]}
        role="tab"
        tabIndex={0}
        type="button"
      >
        General
        <span
          className="MuiTabs-indicator css-1aquho2-MuiTabs-indicator"
          style={{}}
        />
      </button>
      <button
        aria-controls={null}
        aria-selected={false}
        className="MuiButtonBase-root MuiTab-root MuiTab-textColorPrimary css-1h9z7r5-MuiButtonBase-root-MuiTab-root"
        disabled={false}
        id={null}
        onBlur={[Function]}
        onClick={[Function]}
        onContextMenu={[Function]}
        onDragLeave={[Function]}
        onFocus={[Function]}
        onKeyDown={[Function]}
        onKeyUp={[Function]}
        onMouseDown={[Function]}
        onMouseLeave={[Function]}
        onMouseUp={[Function]}
        onTouchEnd={[Function]}
        onTouchMove={[Function]}
        onTouchStart={[Function]}
        role="tab"
        tabIndex={-1}
        type="button"
      >
        Other
      </button>
    </div>
  </div>
</div>
`;
